// Vitest Snapshot v1, https://vitest.dev/guide/snapshot.html

exports[`TableFooter > should match snapshot 1`] = `
<div>
  <tfoot>
    <tr>
      <td
        colspan="4"
      >
        <p
          class="MuiTypography-root MuiTypography-body1 css-1wlnfom-JoyTypography-root"
        >
          Sum: 
          122.55
           PLN ( 
          27.97
           EUR )
        </p>
      </td>
    </tr>
  </tfoot>
</div>
`;
