// Vitest Snapshot v1, https://vitest.dev/guide/snapshot.html

exports[`ConversionTable > should match snapshot 1`] = `
<div>
  <table
    aria-label="conversion table"
    class="MuiTable-root MuiTable-stickyHeader MuiTable-stickyFooter MuiTable-hoverRow MuiTable-borderAxisNone MuiTable-variantPlain MuiTable-colorNeutral MuiTable-sizeMd css-1urnli7-JoyTable-root"
  >
    <thead>
      <tr>
        <th
          class="MuiBox-root css-34k09d"
        >
          <p
            class="MuiTypography-root MuiTypography-inherit css-6zqddh-JoyTypography-root"
          >
            Title
          </p>
        </th>
        <th
          class="MuiBox-root css-yikrym"
        >
          <p
            class="MuiTypography-root MuiTypography-inherit css-1sod2m5-JoyTypography-root"
          >
            Amount (PLN)
          </p>
        </th>
        <th
          class="MuiBox-root css-yikrym"
        >
          <p
            class="MuiTypography-root MuiTypography-inherit css-1sod2m5-JoyTypography-root"
          >
            Amount (EUR)
          </p>
        </th>
        <th
          class="MuiBox-root css-yikrym"
        >
          <p
            class="MuiTypography-root MuiTypography-inherit css-12jjlxs-JoyTypography-root"
          >
            Options
          </p>
        </th>
      </tr>
    </thead>
    <tbody>
      <tr>
        <td>
          <p
            class="MuiTypography-root MuiTypography-inherit css-6zqddh-JoyTypography-root"
          />
        </td>
        <td>
          <p
            class="MuiTypography-root MuiTypography-inherit css-1sod2m5-JoyTypography-root"
          />
        </td>
        <td>
          <p
            class="MuiTypography-root MuiTypography-inherit css-1sod2m5-JoyTypography-root"
          >
            NaN
          </p>
        </td>
        <td
          align="center"
        >
          <button
            class="MuiButton-root MuiButton-variantSolid MuiButton-colorPrimary MuiButton-sizeSm css-1gh95q6-JoyButton-root"
            type="button"
          >
            Delete
          </button>
        </td>
      </tr>
      <tr>
        <td>
          <p
            class="MuiTypography-root MuiTypography-inherit css-6zqddh-JoyTypography-root"
          />
        </td>
        <td>
          <p
            class="MuiTypography-root MuiTypography-inherit css-1sod2m5-JoyTypography-root"
          />
        </td>
        <td>
          <p
            class="MuiTypography-root MuiTypography-inherit css-1sod2m5-JoyTypography-root"
          >
            NaN
          </p>
        </td>
        <td
          align="center"
        >
          <button
            class="MuiButton-root MuiButton-variantSolid MuiButton-colorPrimary MuiButton-sizeSm css-1gh95q6-JoyButton-root"
            type="button"
          >
            Delete
          </button>
        </td>
      </tr>
      <tr>
        <td>
          <p
            class="MuiTypography-root MuiTypography-inherit css-6zqddh-JoyTypography-root"
          />
        </td>
        <td>
          <p
            class="MuiTypography-root MuiTypography-inherit css-1sod2m5-JoyTypography-root"
          />
        </td>
        <td>
          <p
            class="MuiTypography-root MuiTypography-inherit css-1sod2m5-JoyTypography-root"
          >
            NaN
          </p>
        </td>
        <td
          align="center"
        >
          <button
            class="MuiButton-root MuiButton-variantSolid MuiButton-colorPrimary MuiButton-sizeSm css-1gh95q6-JoyButton-root"
            type="button"
          >
            Delete
          </button>
        </td>
      </tr>
    </tbody>
    <tfoot>
      <tr>
        <td
          colspan="4"
        >
          <p
            class="MuiTypography-root MuiTypography-body1 css-1wlnfom-JoyTypography-root"
          >
            Sum: 
            NaN
             PLN ( 
            NaN
             EUR )
          </p>
        </td>
      </tr>
    </tfoot>
  </table>
</div>
`;
