// Vitest Snapshot v1, https://vitest.dev/guide/snapshot.html

exports[`TitleCell > should match snapshot 1`] = `
<div>
  <td
    align="center"
  >
    <button
      class="MuiButton-root MuiButton-variantSolid MuiButton-colorPrimary MuiButton-sizeSm css-1gh95q6-JoyButton-root"
      type="button"
    >
      Delete
    </button>
  </td>
</div>
`;
